// Jest Snapshot v1, https://goo.gl/fbAQLP

exports[`snapshots renders correctly 1`] = `
<li
  className="calculator-button-container test-class"
>
  <button
    className="calculator-button"
    data-testid="calculator-button-plus"
    onClick={[Function]}
    type="button"
  >
    +
  </button>
</li>
`;
